// Vitest Snapshot v1, https://vitest.dev/guide/snapshot.html

exports[`Prefix-Ordner öffnen > übersetzt alle Fehler pfadfrei in de 1`] = `
{
  "blocked": "Prefix-Ordner aus Sicherheitsgründen blockiert.",
  "external-target": "Prefix-Ordner nicht verfügbar: Startoptionen enthalten STEAM_COMPAT_DATA_PATH. Das Standardziel ist nicht belegt.",
  "handler-unavailable": "Dateimanager nicht verfügbar: kein Systemhandler konnte gestartet werden.",
  "not-found": "Prefix-Ordner nicht gefunden.",
  "unchecked": "Prefix-Ordner nicht verfügbar: Startoptionen sind nicht eindeutig verfügbar.",
  "unexpected": "Prefix-Ordner aus Sicherheitsgründen blockiert.",
  "unreadable": "Prefix-Ordner oder Installationsbeleg unlesbar.",
}
`;

exports[`Prefix-Ordner öffnen > übersetzt alle Fehler pfadfrei in en 1`] = `
{
  "blocked": "Prefix folder blocked for safety.",
  "external-target": "Prefix folder not available: launch options contain STEAM_COMPAT_DATA_PATH. The standard target is not established.",
  "handler-unavailable": "File manager not available: no system handler could be launched.",
  "not-found": "Prefix folder not found.",
  "unchecked": "Prefix folder not available: launch options are not unambiguously available.",
  "unexpected": "Prefix folder blocked for safety.",
  "unreadable": "Prefix folder or installation evidence unreadable.",
}
`;
